<html>
<body>
<pre>
<h1>µVision Build Log</h1>
<h2>Project:</h2>
C:\Nuvoton\BSP Library\NUC100SeriesBSP_v1.05.001\NuvotonPlatform_Keil\Sample\NUC1xx-LB_002\PBD\Smpl_Start_Kit.uvproj
Project File Date:  12/03/2013

<h2>Output:</h2>
Build target 'Smpl_Start_Kit'
creating preprocessor file for Smpl_Start_Kit.c...
compiling Smpl_Start_Kit.c...
Smpl_Start_Kit.c(122): warning:  #177-D: variable "i" was declared but never referenced
        int i,j,k;
Smpl_Start_Kit.c(122): warning:  #177-D: variable "j" was declared but never referenced
        int i,j,k;
Smpl_Start_Kit.c(122): warning:  #177-D: variable "k" was declared but never referenced
        int i,j,k;
Smpl_Start_Kit.c(171): warning:  #177-D: variable "j" was declared but never referenced
         int i=0,j=0,k=0,l=0,m=1,n=0,temp,refresh;
Smpl_Start_Kit.c(171): warning:  #177-D: variable "k" was declared but never referenced
         int i=0,j=0,k=0,l=0,m=1,n=0,temp,refresh;
Smpl_Start_Kit.c(171): warning:  #177-D: variable "refresh" was declared but never referenced
         int i=0,j=0,k=0,l=0,m=1,n=0,temp,refresh;
Smpl_Start_Kit.c(173): warning:  #177-D: variable "line1" was declared but never referenced
         char line1[16]="                ";
Smpl_Start_Kit.c(174): warning:  #177-D: variable "line2" was declared but never referenced
         char line2[16]="                ";
Smpl_Start_Kit.c(175): warning:  #177-D: variable "line3" was declared but never referenced
         char line3[16];
Smpl_Start_Kit.c(176): warning:  #177-D: variable "line4" was declared but never referenced
         char line4[16];
Smpl_Start_Kit.c(180): warning:  #177-D: variable "KeyPressed" was declared but never referenced
         int KeyPressed=0;
Smpl_Start_Kit.c(182): warning:  #177-D: variable "PrevPress" was declared but never referenced
         int PrevPress=0;
Smpl_Start_Kit.c(185): warning:  #177-D: variable "Data" was declared but never referenced
         int Data[4];
Smpl_Start_Kit.c(186): warning:  #177-D: variable "Pass" was declared but never referenced
         char Pass[16];
Smpl_Start_Kit.c(187): warning:  #177-D: variable "CurrentData" was declared but never referenced
         uint8_t CurrentData;
Smpl_Start_Kit.c: 15 warnings, 0 errors
linking...
Program Size: Code=9872 RO-data=244 RW-data=1680 ZI-data=1488  
After Build - User command #1: fromelf --bin ".\obj\Smpl_Start_Kit.axf" --output ".\obj\Smpl_Start_Kit.bin"
After Build - User command #2: fromelf --text -c ".\obj\Smpl_Start_Kit.axf" --output ".\obj\Smpl_Start_Kit.txt"
".\obj\Smpl_Start_Kit.axf" - 0 Error(s), 15 Warning(s).
Load "C:\\Nuvoton\\BSP Library\\NUC100SeriesBSP_v1.05.001\\NuvotonPlatform_Keil\\Sample\\NUC1xx-LB_002\\PBD\\obj\\Smpl_Start_Kit.axf" 
</pre>
</body>
</html>
