ARM Linker, 5.03 [Build 76] [MDK-ARM Lite]

==============================================================================

Small function inlining results

Inlined function __aeabi_idiv0 from aeabi_idiv0.o at offset 0x154 in aeabi_sdiv.o(.text).
Inlined Instruction: BX       lr
Inlined function __aeabi_idiv0 from aeabi_idiv0.o at offset 0x154 in aeabi_sdiv_div0.o(.text).
Inlined Instruction: BX       lr
Inlined function _platform_pre_stackheap_init from boardinit1.o at offset 0x0 in rtentry2.o(.ARM.Collect$$rtentry$$00000001).
Inlined Instruction: BX       lr
Inlined function _fp_init from fpinit.o at offset 0x0 in libinit2.o(.ARM.Collect$$libinit$$00000001).
Inlined Instruction: BX       lr
Inlined function _platform_pre_lib_shutdown from boardshut.o at offset 0x0 in rtexit2.o(.ARM.Collect$$rtexit$$00000001).
Inlined Instruction: BX       lr
Inlined function __ARM_get_argv from no_argv.o at offset 0x2 in argv_veneer.o(.text).
Inlined Instruction: BX       lr
Inlined total of 6 calls.

==============================================================================

Memory Map of the image

  Image Entry point : 0x00000169

  Load Region LR_1 (Base: 0x00000000, Size: 0x00002e14, Max: 0xffffffff, ABSOLUTE)

    Execution Region ER_RO (Base: 0x00000000, Size: 0x00002784, Max: 0xffffffff, ABSOLUTE)

    Base Addr    Size         Type   Attr      Idx    E Section Name        Object

    0x00000000   0x000000c0   Data   RO           55    RESET               startup_nuc1xx.o
    0x000000c0   0x00000008   Code   RO         1610  * !!!main             c_p.l(__main.o)
    0x000000c8   0x0000003c   Code   RO         1785    !!!scatter          c_p.l(__scatter.o)
    0x00000104   0x0000001a   Code   RO         1787    !!handler_copy      c_p.l(__scatter_copy.o)
    0x0000011e   0x00000002   PAD
    0x00000120   0x0000001c   Code   RO         1789    !!handler_zi        c_p.l(__scatter_zi.o)
    0x0000013c   0x00000002   Code   RO         1659    .ARM.Collect$$libinit$$00000000  c_p.l(libinit.o)
    0x0000013e   0x00000004   Code   RO         1672    .ARM.Collect$$libinit$$00000001  c_p.l(libinit2.o)
    0x00000142   0x00000000   Code   RO         1676    .ARM.Collect$$libinit$$00000008  c_p.l(libinit2.o)
    0x00000142   0x00000000   Code   RO         1678    .ARM.Collect$$libinit$$0000000A  c_p.l(libinit2.o)
    0x00000142   0x00000000   Code   RO         1680    .ARM.Collect$$libinit$$0000000C  c_p.l(libinit2.o)
    0x00000142   0x00000000   Code   RO         1683    .ARM.Collect$$libinit$$0000000F  c_p.l(libinit2.o)
    0x00000142   0x00000000   Code   RO         1685    .ARM.Collect$$libinit$$00000011  c_p.l(libinit2.o)
    0x00000142   0x00000000   Code   RO         1687    .ARM.Collect$$libinit$$00000013  c_p.l(libinit2.o)
    0x00000142   0x00000000   Code   RO         1689    .ARM.Collect$$libinit$$00000015  c_p.l(libinit2.o)
    0x00000142   0x00000000   Code   RO         1691    .ARM.Collect$$libinit$$00000017  c_p.l(libinit2.o)
    0x00000142   0x00000000   Code   RO         1693    .ARM.Collect$$libinit$$00000019  c_p.l(libinit2.o)
    0x00000142   0x00000000   Code   RO         1695    .ARM.Collect$$libinit$$0000001B  c_p.l(libinit2.o)
    0x00000142   0x00000000   Code   RO         1697    .ARM.Collect$$libinit$$0000001D  c_p.l(libinit2.o)
    0x00000142   0x00000000   Code   RO         1699    .ARM.Collect$$libinit$$0000001F  c_p.l(libinit2.o)
    0x00000142   0x00000000   Code   RO         1701    .ARM.Collect$$libinit$$00000021  c_p.l(libinit2.o)
    0x00000142   0x00000000   Code   RO         1703    .ARM.Collect$$libinit$$00000023  c_p.l(libinit2.o)
    0x00000142   0x00000000   Code   RO         1707    .ARM.Collect$$libinit$$0000002A  c_p.l(libinit2.o)
    0x00000142   0x00000000   Code   RO         1709    .ARM.Collect$$libinit$$0000002C  c_p.l(libinit2.o)
    0x00000142   0x00000000   Code   RO         1711    .ARM.Collect$$libinit$$0000002E  c_p.l(libinit2.o)
    0x00000142   0x00000000   Code   RO         1713    .ARM.Collect$$libinit$$00000030  c_p.l(libinit2.o)
    0x00000142   0x00000002   Code   RO         1714    .ARM.Collect$$libinit$$00000031  c_p.l(libinit2.o)
    0x00000144   0x00000002   Code   RO         1743    .ARM.Collect$$libshutdown$$00000000  c_p.l(libshutdown.o)
    0x00000146   0x00000000   Code   RO         1770    .ARM.Collect$$libshutdown$$00000003  c_p.l(libshutdown2.o)
    0x00000146   0x00000000   Code   RO         1773    .ARM.Collect$$libshutdown$$00000006  c_p.l(libshutdown2.o)
    0x00000146   0x00000000   Code   RO         1776    .ARM.Collect$$libshutdown$$00000009  c_p.l(libshutdown2.o)
    0x00000146   0x00000000   Code   RO         1778    .ARM.Collect$$libshutdown$$0000000B  c_p.l(libshutdown2.o)
    0x00000146   0x00000000   Code   RO         1781    .ARM.Collect$$libshutdown$$0000000E  c_p.l(libshutdown2.o)
    0x00000146   0x00000002   Code   RO         1782    .ARM.Collect$$libshutdown$$0000000F  c_p.l(libshutdown2.o)
    0x00000148   0x00000000   Code   RO         1612    .ARM.Collect$$rtentry$$00000000  c_p.l(rtentry.o)
    0x00000148   0x00000000   Code   RO         1627    .ARM.Collect$$rtentry$$00000002  c_p.l(rtentry2.o)
    0x00000148   0x00000006   Code   RO         1639    .ARM.Collect$$rtentry$$00000004  c_p.l(rtentry4.o)
    0x0000014e   0x00000000   Code   RO         1629    .ARM.Collect$$rtentry$$00000009  c_p.l(rtentry2.o)
    0x0000014e   0x00000004   Code   RO         1630    .ARM.Collect$$rtentry$$0000000A  c_p.l(rtentry2.o)
    0x00000152   0x00000000   Code   RO         1632    .ARM.Collect$$rtentry$$0000000C  c_p.l(rtentry2.o)
    0x00000152   0x00000008   Code   RO         1633    .ARM.Collect$$rtentry$$0000000D  c_p.l(rtentry2.o)
    0x0000015a   0x00000002   Code   RO         1664    .ARM.Collect$$rtexit$$00000000  c_p.l(rtexit.o)
    0x0000015c   0x00000000   Code   RO         1718    .ARM.Collect$$rtexit$$00000002  c_p.l(rtexit2.o)
    0x0000015c   0x00000004   Code   RO         1719    .ARM.Collect$$rtexit$$00000003  c_p.l(rtexit2.o)
    0x00000160   0x00000006   Code   RO         1720    .ARM.Collect$$rtexit$$00000004  c_p.l(rtexit2.o)
    0x00000166   0x00000002   PAD
    0x00000168   0x00000064   Code   RO           56  * .text               startup_nuc1xx.o
    0x000001cc   0x0000015a   Code   RO         1604    .text               c_p.l(aeabi_sdiv.o)
    0x00000326   0x00000006   Code   RO         1608    .text               c_p.l(heapauxi.o)
    0x0000032c   0x0000003e   Code   RO         1645    .text               c_p.l(sys_stackheap_outer.o)
    0x0000036a   0x0000000c   Code   RO         1648    .text               c_p.l(exit.o)
    0x00000376   0x00000002   PAD
    0x00000378   0x00000008   Code   RO         1660    .text               c_p.l(libspace.o)
    0x00000380   0x0000000c   Code   RO         1715    .text               c_p.l(sys_exit.o)
    0x0000038c   0x00000002   Code   RO         1732    .text               c_p.l(use_no_semi.o)
    0x0000038e   0x00000000   Code   RO         1734    .text               c_p.l(indicate_semi.o)
    0x0000038e   0x00000002   PAD
    0x00000390   0x00000028   Code   RO          669    i.BOD_IRQHandler    drvsys.o
    0x000003b8   0x000000e8   Code   RO           61    i.Display_Password  smpl_start_kit.o
    0x000004a0   0x0000002c   Code   RO         1120    i.DrvGPIO_ClrBit    drvgpio.o
    0x000004cc   0x0000002c   Code   RO         1133    i.DrvGPIO_GetBit    drvgpio.o
    0x000004f8   0x00000758   Code   RO         1142    i.DrvGPIO_InitFunction  drvgpio.o
    0x00000c50   0x00000088   Code   RO         1143    i.DrvGPIO_Open      drvgpio.o
    0x00000cd8   0x0000002c   Code   RO         1144    i.DrvGPIO_SetBit    drvgpio.o
    0x00000d04   0x00000090   Code   RO         1424    i.DrvI2C_Close      drvi2c.o
    0x00000d94   0x00000054   Code   RO         1425    i.DrvI2C_Ctrl       drvi2c.o
    0x00000de8   0x000000c8   Code   RO         1433    i.DrvI2C_Open       drvi2c.o
    0x00000eb0   0x0000006c   Code   RO          688    i.DrvSYS_GetHCLKFreq  drvsys.o
    0x00000f1c   0x00000074   Code   RO          689    i.DrvSYS_GetPLLClockFreq  drvsys.o
    0x00000f90   0x00000038   Code   RO          701    i.DrvSYS_SelectHCLKSource  drvsys.o
    0x00000fc8   0x00000088   Code   RO          706    i.DrvSYS_SetClockDivider  drvsys.o
    0x00001050   0x00000080   Code   RO          709    i.DrvSYS_SetOscCtrl  drvsys.o
    0x000010d0   0x00000024   Code   RO         1150    i.EINT0_IRQHandler  drvgpio.o
    0x000010f4   0x00000024   Code   RO         1151    i.EINT1_IRQHandler  drvgpio.o
    0x00001118   0x00000044   Code   RO         1152    i.GPAB_IRQHandler   drvgpio.o
    0x0000115c   0x0000004c   Code   RO         1153    i.GPCDE_IRQHandler  drvgpio.o
    0x000011a8   0x00000078   Code   RO         1441    i.I2C0_IRQHandler   drvi2c.o
    0x00001220   0x00000078   Code   RO         1442    i.I2C1_IRQHandler   drvi2c.o
    0x00001298   0x0000020c   Code   RO          172    i.Initial_pannel    lcd_driver.o
    0x000014a4   0x00000014   Code   RO           62    i.LoadBase          smpl_start_kit.o
    0x000014b8   0x00000016   Code   RO           63    i.LoadEEPROM        smpl_start_kit.o
    0x000014ce   0x00000002   PAD
    0x000014d0   0x0000004c   Code   RO           64    i.Load_Password     smpl_start_kit.o
    0x0000151c   0x0000001a   Code   RO          264    i.OpenKeyPad        scankey.o
    0x00001536   0x00000002   PAD
    0x00001538   0x00000028   Code   RO          717    i.PWRWU_IRQHandler  drvsys.o
    0x00001560   0x0000012c   Code   RO          294    i.Read_24LC64       eeprom_24lc64.o
    0x0000168c   0x00000060   Code   RO          365    i.SPI0_IRQHandler   drvspi.o
    0x000016ec   0x00000060   Code   RO          366    i.SPI1_IRQHandler   drvspi.o
    0x0000174c   0x00000060   Code   RO          367    i.SPI2_IRQHandler   drvspi.o
    0x000017ac   0x00000060   Code   RO          368    i.SPI3_IRQHandler   drvspi.o
    0x0000180c   0x00000080   Code   RO          265    i.Scankey           scankey.o
    0x0000188c   0x000000f0   Code   RO          173    i.SetPACA           lcd_driver.o
    0x0000197c   0x00000078   Code   RO          174    i.Show_Word         lcd_driver.o
    0x000019f4   0x00000024   Code   RO          175    i.SysTimerDelay     lcd_driver.o
    0x00001a18   0x000000a0   Code   RO           17    i.SystemCoreClockUpdate  system_nuc1xx.o
    0x00001ab8   0x00000002   Code   RO           18    i.SystemInit        system_nuc1xx.o
    0x00001aba   0x00000002   PAD
    0x00001abc   0x00000070   Code   RO           65    i.TMR0_IRQHandler   smpl_start_kit.o
    0x00001b2c   0x000000a4   Code   RO           66    i.Timer_initial     smpl_start_kit.o
    0x00001bd0   0x0000003c   Code   RO          997    i.UART02_IRQHandler  drvuart.o
    0x00001c0c   0x00000020   Code   RO          998    i.UART1_IRQHandler  drvuart.o
    0x00001c2c   0x00000054   Code   RO          176    i.WriteData         lcd_driver.o
    0x00001c80   0x00000016   Code   RO           67    i.WriteEEPROM       smpl_start_kit.o
    0x00001c96   0x00000002   PAD
    0x00001c98   0x0000010c   Code   RO          295    i.Write_24LC64      eeprom_24lc64.o
    0x00001da4   0x0000001c   Code   RO          966    i.__ARM_common_switch8  drvsys.o
    0x00001dc0   0x0000003c   Code   RO           68    i.clear_screen      smpl_start_kit.o
    0x00001dfc   0x00000024   Code   RO          239    i.close_seven_segment  seven_segment.o
    0x00001e20   0x00000028   Code   RO          177    i.clr_all_pannal    lcd_driver.o
    0x00001e48   0x00000010   Code   RO          266    i.delay             scankey.o
    0x00001e58   0x0000001a   Code   RO           69    i.delay_loop        smpl_start_kit.o
    0x00001e72   0x00000002   PAD
    0x00001e74   0x00000874   Code   RO           70    i.main              smpl_start_kit.o
    0x000026e8   0x00000028   Code   RO          178    i.print_lcd         lcd_driver.o
    0x00002710   0x00000040   Code   RO          240    i.show_seven_segment  seven_segment.o
    0x00002750   0x00000004   Data   RO          267    .constdata          scankey.o
    0x00002754   0x00000010   Data   RO          718    .constdata          drvsys.o
    0x00002764   0x00000020   Data   RO         1783    Region$$Table       anon$$obj.o


    Execution Region ER_RW (Base: 0x20000000, Size: 0x00000690, Max: 0xffffffff, ABSOLUTE)

    Base Addr    Size         Type   Attr      Idx    E Section Name        Object

    0x20000000   0x0000001c   Data   RW           19    .data               system_nuc1xx.o
    0x2000001c   0x0000003c   Data   RW           72    .data               smpl_start_kit.o
    0x20000058   0x00000010   Data   RW          179    .data               lcd_driver.o
    0x20000068   0x000005f0   Data   RW          232    .data               ascii_table.o
    0x20000658   0x00000011   Data   RW          241    .data               seven_segment.o
    0x20000669   0x00000003   PAD
    0x2000066c   0x00000008   Data   RW          719    .data               drvsys.o
    0x20000674   0x0000000c   Data   RW          999    .data               drvuart.o
    0x20000680   0x00000010   Data   RW         1157    .data               drvgpio.o


    Execution Region ER_ZI (Base: 0x20000690, Size: 0x000005d0, Max: 0xffffffff, ABSOLUTE)

    Base Addr    Size         Type   Attr      Idx    E Section Name        Object

    0x20000690   0x00000100   Zero   RW           71    .bss                smpl_start_kit.o
    0x20000790   0x00000050   Zero   RW          369    .bss                drvspi.o
    0x200007e0   0x00000020   Zero   RW         1446    .bss                drvi2c.o
    0x20000800   0x00000060   Zero   RW         1661    .bss                c_p.l(libspace.o)
    0x20000860   0x00000000   Zero   RW           54    HEAP                startup_nuc1xx.o
    0x20000860   0x00000400   Zero   RW           53    STACK               startup_nuc1xx.o


==============================================================================

Image component sizes


      Code (inc. data)   RO Data    RW Data    ZI Data      Debug   Object Name

         0          0          0       1520          0        452   ascii_table.o
         0          0          0          0          0       4244   core_cm0.o
      2364        154          0         16          0      11644   drvgpio.o
       668         54          0          0         32       4139   drvi2c.o
       384         32          0          0         80       4652   drvspi.o
       652         72         16          8          0       7045   drvsys.o
        92         24          0         12          0       4783   drvuart.o
       568         30          0          0          0       1425   eeprom_24lc64.o
      1084         26          0         16          0       4911   lcd_driver.o
       170          4          4          0          0       1683   scankey.o
       100          6          0         17          0       2185   seven_segment.o
      2898        220          0         60        256     134893   smpl_start_kit.o
       100         46        192          0       1024        728   startup_nuc1xx.o
       162         30          0         28          0     120126   system_nuc1xx.o

    ----------------------------------------------------------------------
      9252        698        244       1680       1392     302910   Object Totals
         0          0         32          0          0          0   (incl. Generated)
        10          0          0          3          0          0   (incl. Padding)

    ----------------------------------------------------------------------

      Code (inc. data)   RO Data    RW Data    ZI Data      Debug   Library Member Name

         8          0          0          0          0         68   __main.o
        60          8          0          0          0          0   __scatter.o
        26          0          0          0          0          0   __scatter_copy.o
        28          0          0          0          0          0   __scatter_zi.o
       346          0          0          0          0         92   aeabi_sdiv.o
        12          0          0          0          0         64   exit.o
         6          0          0          0          0        136   heapauxi.o
         0          0          0          0          0          0   indicate_semi.o
         2          0          0          0          0          0   libinit.o
         6          0          0          0          0          0   libinit2.o
         2          0          0          0          0          0   libshutdown.o
         2          0          0          0          0          0   libshutdown2.o
         8          4          0          0         96         68   libspace.o
         0          0          0          0          0          0   rtentry.o
        12          0          0          0          0          0   rtentry2.o
         6          0          0          0          0          0   rtentry4.o
         2          0          0          0          0          0   rtexit.o
        10          0          0          0          0          0   rtexit2.o
        12          4          0          0          0         60   sys_exit.o
        62          0          0          0          0         80   sys_stackheap_outer.o
         2          0          0          0          0         68   use_no_semi.o

    ----------------------------------------------------------------------
       620         16          0          0         96        636   Library Totals
         8          0          0          0          0          0   (incl. Padding)

    ----------------------------------------------------------------------

      Code (inc. data)   RO Data    RW Data    ZI Data      Debug   Library Name

       612         16          0          0         96        636   c_p.l

    ----------------------------------------------------------------------
       620         16          0          0         96        636   Library Totals

    ----------------------------------------------------------------------

==============================================================================


      Code (inc. data)   RO Data    RW Data    ZI Data      Debug   

      9872        714        244       1680       1488     300954   Grand Totals
      9872        714        244       1680       1488     300954   ELF Image Totals
      9872        714        244       1680          0          0   ROM Totals

==============================================================================

    Total RO  Size (Code + RO Data)                10116 (   9.88kB)
    Total RW  Size (RW Data + ZI Data)              3168 (   3.09kB)
    Total ROM Size (Code + RO Data + RW Data)      11796 (  11.52kB)

==============================================================================

